[INFO] Scanning for projects...
[INFO] 
[INFO] -------------------------< com.example:demo1 >--------------------------
[INFO] Building demo1 1.0-SNAPSHOT
[INFO] --------------------------------[ jar ]---------------------------------
[WARNING] The artifact mysql:mysql-connector-java:jar:8.0.33 has been relocated to com.mysql:mysql-connector-j:jar:8.0.33: MySQL Connector/J artifacts moved to reverse-DNS compliant Maven 2+ coordinates.
[INFO] 
[INFO] --- maven-resources-plugin:2.6:resources (default-resources) @ demo1 ---
[INFO] Using 'UTF-8' encoding to copy filtered resources.
[INFO] Copying 100 resources
[INFO] 
[INFO] --- maven-compiler-plugin:3.13.0:compile (default-compile) @ demo1 ---
[WARNING] Can't extract module name from toolboxfx-21.0.3.jar: Unsupported major.minor version 65.0
[WARNING] Can't extract module name from countries-21.0.3.jar: Unsupported major.minor version 65.0
[WARNING] Can't extract module name from tilesfx-21.0.3.jar: Unsupported major.minor version 65.0
[WARNING] Can't extract module name from heatmap-21.0.3.jar: Unsupported major.minor version 65.0
[WARNING] Can't extract module name from toolbox-21.0.5.jar: Unsupported major.minor version 65.0
[WARNING] *********************************************************************************************************************************************************************************
[WARNING] * Required filename-based automodules detected: [jbcrypt-0.4.jar, twilio-10.1.0.jar, itextpdf-5.5.13.3.jar]. Please don't publish this project to a public artifact repository! *
[WARNING] *********************************************************************************************************************************************************************************
[INFO] Recompiling the module because of changed source code.
[INFO] Compiling 135 source files with javac [debug target 17 module-path] to target\classes
[INFO] -------------------------------------------------------------
[WARNING] COMPILATION WARNING : 
[INFO] -------------------------------------------------------------
[WARNING] /C:/Users/med/Desktop/pidev/src/main/java/module-info.java:[1,19] module name component demo1 should avoid terminal digits
[WARNING] /C:/Users/med/Desktop/pidev/src/main/java/module-info.java:[28,25] requires transitive directive for an automatic module
[INFO] 2 warnings 
[INFO] -------------------------------------------------------------
[INFO] -------------------------------------------------------------
[ERROR] COMPILATION ERROR : 
[INFO] -------------------------------------------------------------
[ERROR] /C:/Users/med/Desktop/pidev/src/main/java/org/example/services/AIService.java:[199,86] cannot find symbol
  symbol:   class Scooter
  location: class org.example.services.AIService
[INFO] 1 error
[INFO] -------------------------------------------------------------
[INFO] ------------------------------------------------------------------------
[INFO] BUILD FAILURE
[INFO] ------------------------------------------------------------------------
[INFO] Total time:  8.215 s
[INFO] Finished at: 2026-03-02T04:08:46+01:00
[INFO] ------------------------------------------------------------------------
[ERROR] Failed to execute goal org.apache.maven.plugins:maven-compiler-plugin:3.13.0:compile (default-compile) on project demo1: Compilation failure
[ERROR] /C:/Users/med/Desktop/pidev/src/main/java/org/example/services/AIService.java:[199,86] cannot find symbol
[ERROR]   symbol:   class Scooter
[ERROR]   location: class org.example.services.AIService
[ERROR] 
[ERROR] -> [Help 1]
[ERROR] 
[ERROR] To see the full stack trace of the errors, re-run Maven with the -e switch.
[ERROR] Re-run Maven using the -X switch to enable full debug logging.
[ERROR] 
[ERROR] For more information about the errors and possible solutions, please read the following articles:
[ERROR] [Help 1] http://cwiki.apache.org/confluence/display/MAVEN/MojoFailureException
